G__20174$jscomp$inline_909:Il
JSCompiler_StaticMethods_assoc_BANG_:Ne
JSCompiler_StaticMethods_cljs$core$ITransientVector$_assoc_n_BANG_$arity$3:Wd
JSCompiler_StaticMethods_forceChunk:bf
JSCompiler_StaticMethods_sval:Pc
JSCompiler_prototypeAlias:f
L 0:a
L 1:b
L 10:q
L 11:u
L 12:y
L 13:A
L 14:D
L 15:G
L 16:K
L 17:S
L 18:Y
L 19:fa
L 2:c
L 20:ya
L 21:bb
L 22:Pf
L 3:d
L 4:e
L 5:g
L 6:h
L 7:k
L 8:n
L 9:p
cljs$core$ArrayChunk:Sc
cljs$core$ArrayNode:ue
cljs$core$ArrayNodeIterator:te
cljs$core$ArrayNodeSeq:Fe
cljs$core$Atom:Fg
cljs$core$BitmapIndexedNode:se
cljs$core$BitmapIndexedNode$EMPTY:Ae
cljs$core$Box:me
cljs$core$ChunkBuffer:Qc
cljs$core$ChunkedCons:Tc
cljs$core$ChunkedSeq:Od
cljs$core$Cons:Mc
cljs$core$ES6EntriesIterator:$d
cljs$core$ES6Iterator:Gb
cljs$core$ES6IteratorSeq:Ib
cljs$core$ES6SetEntriesIterator:ae
cljs$core$EmptyList:Jc
cljs$core$ExceptionInfo:Df
cljs$core$HashCollisionNode:we
cljs$core$HashMapIter:Je
cljs$core$HashSetIter:Te
cljs$core$IAssociative:va
cljs$core$ICollection:oa
cljs$core$ICounted:ka
cljs$core$IEmptyableCollection:ma
cljs$core$IEncodeClojure:yf
cljs$core$IEncodeJS:Ng
cljs$core$IIndexed:qa
cljs$core$IIndexed$_nth$dyn_22374:hh
cljs$core$IIterable:gb
cljs$core$IKVReduce:La
cljs$core$IList:Sa
cljs$core$ILookup:ua
cljs$core$ILookup$_lookup$dyn_22381:ih
cljs$core$IMap:Aa
cljs$core$IMeta:Ha
cljs$core$INIT:Eg
cljs$core$INext:ta
cljs$core$IPrintWithWriter:Xa
cljs$core$IRecord:Ta
cljs$core$IReduce:Ka
cljs$core$IReduce$_reduce$dyn_22447:jh
cljs$core$IReversible:Ua
cljs$core$ISeq:ra
cljs$core$ISeqable:Pa
cljs$core$ISequential:Ra
cljs$core$ISet:Ea
cljs$core$ISwap$_swap_BANG_$dyn_22542:Xk
cljs$core$ITER_SYMBOL:Db
cljs$core$IVector:Fa
cljs$core$IndexedSeq:Cb
cljs$core$IndexedSeqIterator:Wb
cljs$core$IntegerRange:$e
cljs$core$IntegerRangeChunk:Ye
cljs$core$KeySeq:Oe
cljs$core$Keyword:Q
cljs$core$LazySeq:Oc
cljs$core$List:Ic
cljs$core$List$EMPTY:E
cljs$core$MapEntry:ce
cljs$core$MetaFn:fc
cljs$core$NeverEquiv:Xd
cljs$core$NodeIterator:re
cljs$core$NodeSeq:Be
cljs$core$PROTOCOL_SENTINEL:z
cljs$core$PersistentArrayMap:x
cljs$core$PersistentArrayMap$EMPTY:id
cljs$core$PersistentArrayMap$HASHMAP_THRESHOLD:ph
cljs$core$PersistentArrayMap$createAsIfByAssoc:hd
cljs$core$PersistentArrayMap$createAsIfByAssocComplexPath:ie
cljs$core$PersistentArrayMapIterator:ee
cljs$core$PersistentArrayMapSeq:de
cljs$core$PersistentHashMap:Ke
cljs$core$PersistentHashMap$EMPTY:ke
cljs$core$PersistentHashMap$fromArrays:Le
cljs$core$PersistentHashSet:Ue
cljs$core$PersistentHashSet$EMPTY:qh
cljs$core$PersistentVector:U
cljs$core$PersistentVector$EMPTY:vd
cljs$core$PersistentVector$EMPTY_NODE:V
cljs$core$PersistentVector$fromArray:Ij
cljs$core$RSeq:Yb
cljs$core$Range:af
cljs$core$RangeIterator:Ze
cljs$core$RangedIterator:Hd
cljs$core$Reduced:Lb
cljs$core$Repeat:rd
cljs$core$START:wl
cljs$core$SeqIter:Qg
cljs$core$StringBufferWriter:jb
cljs$core$Subvec:Jj
cljs$core$Symbol:Ab
cljs$core$TransientArrayMap:je
cljs$core$TransientHashMap:Me
cljs$core$TransientHashSet:Ve
cljs$core$TransientVector:Vd
cljs$core$ValSeq:Qe
cljs$core$VectorNode:Bd
cljs$core$_EQ_:I
cljs$core$_PLUS_:vl
cljs$core$_STAR_print_level_STAR_:gf
cljs$core$__destructure_map:jd
cljs$core$_as_transient:Za
cljs$core$_assoc:xa
cljs$core$_assoc_BANG_:cb
cljs$core$_assoc_n:Xc
cljs$core$_chunked_first:eb
cljs$core$_chunked_rest:fb
cljs$core$_clj__GT_js:Og
cljs$core$_conj:pa
cljs$core$_conj_BANG_:$a
cljs$core$_contains_key_QMARK_:wa
cljs$core$_count:la
cljs$core$_deref:Ga
cljs$core$_dissoc:Ba
cljs$core$_drop:ib
cljs$core$_drop_first:db
cljs$core$_empty:na
cljs$core$_equiv:Na
cljs$core$_find:za
cljs$core$_first:w
cljs$core$_hash:Oa
cljs$core$_indexOf$cljs$0core$0IFn$0_invoke$0arity$03:J
cljs$core$_iterator:hb
cljs$core$_js__GT_clj:zf
cljs$core$_key:Ca
cljs$core$_kv_reduce:Ma
cljs$core$_lastIndexOf$cljs$0core$0IFn$0_invoke$0arity$03:M
cljs$core$_lookup:ec
cljs$core$_meta:Ia
cljs$core$_nth:N
cljs$core$_persistent_BANG_:ab
cljs$core$_pr_writer:Ya
cljs$core$_reduce:Bc
cljs$core$_reset_BANG_:rg
cljs$core$_rest:sa
cljs$core$_rseq:Va
cljs$core$_seq:Qa
cljs$core$_swap_BANG_:Wk
cljs$core$_val:Da
cljs$core$_with_meta:Ja
cljs$core$_write:Wa
cljs$core$aclone:ea
cljs$core$apply:gd
cljs$core$apply$cljs$0core$0IFn$0_invoke$0arity$02:dd
cljs$core$apply$cljs$0core$0IFn$0_invoke$0arity$03:ed
cljs$core$apply$cljs$0core$0IFn$0_invoke$0arity$04:Al
cljs$core$apply$cljs$0core$0IFn$0_invoke$0arity$05:xg
cljs$core$apply_to:Yc
cljs$core$apply_to_simple$cljs$0core$0IFn$0_invoke$0arity$03:ad
cljs$core$apply_to_simple$cljs$0core$0IFn$0_invoke$0arity$04:$c
cljs$core$apply_to_simple$cljs$0core$0IFn$0_invoke$0arity$05:bd
cljs$core$apply_to_simple$cljs$0core$0IFn$0_invoke$0arity$06:cd
cljs$core$array_QMARK_:ca
cljs$core$array__GT_transient_hash_map:le
cljs$core$array_copy:pc
cljs$core$array_for:Gd
cljs$core$array_index_of:be
cljs$core$array_map:Bf
cljs$core$array_reduce$cljs$0core$0IFn$0_invoke$0arity$02:Pb
cljs$core$array_reduce$cljs$0core$0IFn$0_invoke$0arity$03:Qb
cljs$core$array_reduce$cljs$0core$0IFn$0_invoke$0arity$04:Rb
cljs$core$assoc:zd
cljs$core$bit_count:Gc
cljs$core$boolean$0:rc
cljs$core$bounded_count:Wc
cljs$core$build_subvec:Rj
cljs$core$cat:Zj
cljs$core$char_escapes:lf
cljs$core$chunk_append:Vc
cljs$core$chunk_buffer:Rc
cljs$core$chunk_cons:Uc
cljs$core$chunked_seq:Rd
cljs$core$chunked_seq$cljs$0core$0IFn$0_invoke$0arity$04:Pd
cljs$core$chunked_seq$cljs$0core$0IFn$0_invoke$0arity$05:Qd
cljs$core$chunked_seq_QMARK_:oc
cljs$core$ci_reduce$cljs$0core$0IFn$0_invoke$0arity$02:Ob
cljs$core$ci_reduce$cljs$0core$0IFn$0_invoke$0arity$03:Bg
cljs$core$clj__GT_js:Vj
cljs$core$clone_and_set$cljs$0core$0IFn$0_invoke$0arity$03:ne
cljs$core$coll_QMARK_:jc
cljs$core$comp:hk
cljs$core$complement:Bl
cljs$core$concat:gg
cljs$core$conj:Kc
cljs$core$conj_BANG_:Xg
cljs$core$cons:P
cljs$core$contains_QMARK_:uc
cljs$core$count:H
cljs$core$counted_QMARK_:Sb
cljs$core$create_array_node_seq:Ie
cljs$core$create_array_node_seq$cljs$0core$0IFn$0_invoke$0arity$01:Ge
cljs$core$create_array_node_seq$cljs$0core$0IFn$0_invoke$0arity$03:He
cljs$core$create_inode_seq:Ee
cljs$core$create_inode_seq$cljs$0core$0IFn$0_invoke$0arity$01:Ce
cljs$core$create_inode_seq$cljs$0core$0IFn$0_invoke$0arity$03:De
cljs$core$create_node:ze
cljs$core$create_node$cljs$0core$0IFn$0_invoke$0arity$06:xe
cljs$core$create_node$cljs$0core$0IFn$0_invoke$0arity$07:ye
cljs$core$deref:Nb
cljs$core$dissoc:ag
cljs$core$do_assoc:nh
cljs$core$doall$cljs$0core$0IFn$0_invoke$0arity$01:cf
cljs$core$drop$cljs$0core$0IFn$0_invoke$0arity$02:pd
cljs$core$drop_last$cljs$0core$0IFn$0_invoke$0arity$02:qd
cljs$core$edit_and_set$cljs$0core$0IFn$0_invoke$0arity$04:pe
cljs$core$empty:$b
cljs$core$empty_QMARK_:ic
cljs$core$empty_ordered_hash:kh
cljs$core$empty_unordered_hash:lh
cljs$core$equiv_map:Zd
cljs$core$equiv_sequential:Hc
cljs$core$es6_iterator:Hb
cljs$core$es6_iterator_seq:Eb
cljs$core$every_QMARK_:ld
cljs$core$filter$cljs$0core$0IFn$0_invoke$0arity$02:sd
cljs$core$first:C
cljs$core$fix:sg
cljs$core$get:dc
cljs$core$get$cljs$0core$0IFn$0_invoke$0arity$02:bc
cljs$core$get$cljs$0core$0IFn$0_invoke$0arity$03:cc
cljs$core$get_in$cljs$0core$0IFn$0_invoke$0arity$02:yd
cljs$core$group_by:Gl
cljs$core$hash:yb
cljs$core$hash_collision_node_find_index:ve
cljs$core$hash_combine:zb
cljs$core$hash_ordered_coll:Jb
cljs$core$hash_string:xb
cljs$core$hash_unordered_coll:Kb
cljs$core$identity:Dc
cljs$core$imul:qb
cljs$core$indexed_QMARK_:Tb
cljs$core$inode_kv_reduce:qe
cljs$core$integer_QMARK_:sc
cljs$core$into$cljs$0core$0IFn$0_invoke$0arity$02:td
cljs$core$into$cljs$0core$0IFn$0_invoke$0arity$03:ud
cljs$core$into_array$cljs$0core$0IFn$0_invoke$0arity$02:ja
cljs$core$iter_reduce$cljs$0core$0IFn$0_invoke$0arity$02:yc
cljs$core$iter_reduce$cljs$0core$0IFn$0_invoke$0arity$03:zc
cljs$core$iterable_QMARK_:Bb
cljs$core$js__GT_clj$cljs$0core$0IFn$0_invoke$0arity$0variadic:Cf
cljs$core$keep$cljs$0core$0IFn$0_invoke$0arity$02:nd
cljs$core$key:Ld
cljs$core$key__GT_js$cljs$0core$0IFn$0_invoke$0arity$02:Pg
cljs$core$key_test:fe
cljs$core$keys:Pe
cljs$core$keyword:pf
cljs$core$lift_ns:wf
cljs$core$linear_traversal_nth$cljs$0core$0IFn$0_invoke$0arity$03:ac
cljs$core$lookup_sentinel:tc
cljs$core$m3_fmix:tb
cljs$core$m3_hash_unencoded_chars:ub
cljs$core$m3_mix_H1:sb
cljs$core$m3_mix_K1:rb
cljs$core$map:R
cljs$core$map_QMARK_:lc
cljs$core$map_entry_QMARK_:Kd
cljs$core$map_indexed$cljs$0core$0IFn$0_invoke$0arity$02:yg
cljs$core$mapv$cljs$0core$0IFn$0_invoke$0arity$02:wd
cljs$core$mapv$cljs$0core$0IFn$0_invoke$0arity$03:Zg
cljs$core$max:zg
cljs$core$merge_with$cljs$0core$0IFn$0_invoke$0arity$0variadic:Se
cljs$core$meta:hc
cljs$core$missing_protocol:t
cljs$core$mod:Cg
cljs$core$name:We
cljs$core$namespace:Nc
cljs$core$native_satisfies_QMARK_:r
cljs$core$never_equiv:Yd
cljs$core$new_path:Ed
cljs$core$next:F
cljs$core$next_STAR_:Zc
cljs$core$nil_QMARK_:xl
cljs$core$not:yl
cljs$core$nth:Vb
cljs$core$nth$cljs$0core$0IFn$0_invoke$0arity$02:Ub
cljs$core$nth$cljs$0core$0IFn$0_invoke$0arity$03:O
cljs$core$pam_grow_seed_array:he
cljs$core$pam_new_size:ge
cljs$core$partition_all$cljs$0core$0IFn$0_invoke$0arity$03:Xe
cljs$core$pr_opts:qg
cljs$core$pr_sequential_writer:jf
cljs$core$pr_str_STAR_:pb
cljs$core$pr_writer:of
cljs$core$pr_writer_impl:rf
cljs$core$preserving_reduced:Yj
cljs$core$prim_seq$cljs$0core$0IFn$0_invoke$0arity$02:Xb
cljs$core$print_map:qf
cljs$core$print_meta_QMARK_:nf
cljs$core$print_prefix_map:xf
cljs$core$push_tail:mh
cljs$core$pv_fresh_node:Cd
cljs$core$pv_reduce$cljs$0core$0IFn$0_invoke$0arity$04:Jd
cljs$core$pv_reduce$cljs$0core$0IFn$0_invoke$0arity$05:Id
cljs$core$quot:Fc
cljs$core$quote_string:mf
cljs$core$range$cljs$0core$0IFn$0_invoke$0arity$03:Sj
cljs$core$ranged_iterator:Hj
cljs$core$re_find:df
cljs$core$re_matches:Mg
cljs$core$re_seq:ff
cljs$core$re_seq_STAR_:ef
cljs$core$record_QMARK_:mc
cljs$core$reduce:ia
cljs$core$reduce$cljs$0core$0IFn$0_invoke$0arity$02:Ac
cljs$core$reduce$cljs$0core$0IFn$0_invoke$0arity$03:ha
cljs$core$reduce_kv:Cc
cljs$core$reduced_QMARK_:Mb
cljs$core$remove_pair:oe
cljs$core$reset_BANG_:Gg
cljs$core$rest:Fb
cljs$core$reverse:Lc
cljs$core$second:Zb
cljs$core$seq:B
cljs$core$seq_QMARK_:qc
cljs$core$seq_reduce:xc
cljs$core$seq_reduce$cljs$0core$0IFn$0_invoke$0arity$02:vc
cljs$core$seq_reduce$cljs$0core$0IFn$0_invoke$0arity$03:wc
cljs$core$sequential_QMARK_:kc
cljs$core$set:Cl
cljs$core$set_QMARK_:zl
cljs$core$some:md
cljs$core$spread:fd
cljs$core$str:v
cljs$core$string_hash_cache:wb
cljs$core$string_hash_cache_count:vb
cljs$core$strip_ns:vf
cljs$core$swap_BANG_:Gk
cljs$core$symbol:uf
cljs$core$t_cljs$0core20682:kd
cljs$core$tail_off:Dd
cljs$core$take$cljs$0core$0IFn$0_invoke$0arity$02:od
cljs$core$transduce$cljs$0core$0IFn$0_invoke$0arity$04:Ec
cljs$core$truth_:m
cljs$core$tv_editable_root:Td
cljs$core$tv_editable_tail:Ud
cljs$core$tv_ensure_editable:Sd
cljs$core$tv_push_tail:oh
cljs$core$type__GT_str:da
cljs$core$unchecked_array_for:Fd
cljs$core$update$cljs$0core$0IFn$0_invoke$0arity$03:Ad
cljs$core$val:Md
cljs$core$vals:Re
cljs$core$vec:Nd
cljs$core$vector_QMARK_:nc
cljs$core$vector_index_out_of_bounds:bh
cljs$core$with_meta:gc
cljs$core$write_all$cljs$0core$0IFn$0_invoke$0arity$0variadic:kf
cljs$cst$0$flush_on_newline:kb
cljs$cst$1$readably:lb
cljs$cst$105$more_marker:hf
cljs$cst$106$alt_impl:sf
cljs$cst$107$fallback_impl:tf
cljs$cst$108$val:Yk
cljs$cst$126$keyword_fn:Zk
cljs$cst$127$keywordize_keys:Af
cljs$cst$171$ok:Ik
cljs$cst$177$hiccup_SLASH_raw:Of
cljs$cst$178$class:T
cljs$cst$179$id:Jf
cljs$cst$181$value:ji
cljs$cst$186$panel:dg
cljs$cst$193$font_family:jj
cljs$cst$194$font_size:hj
cljs$cst$195$font_weight:tj
cljs$cst$196$color:Wi
cljs$cst$199$body:Ci
cljs$cst$2$meta:mb
cljs$cst$203$1:Ki
cljs$cst$204$2:Hi
cljs$cst$205$3:Fi
cljs$cst$206$4:Ji
cljs$cst$207$5:Ii
cljs$cst$208$6:Bi
cljs$cst$211$duration:Yh
cljs$cst$212$easing:pi
cljs$cst$226$zeta:sj
cljs$cst$227$omega:ni
cljs$cst$228$samples:qi
cljs$cst$231$blur:Dh
cljs$cst$232$saturate:Si
cljs$cst$233$tint:dj
cljs$cst$234$border:Mi
cljs$cst$235$regular:eg
cljs$cst$239$shadow:ti
cljs$cst$240$raised:fg
cljs$cst$245$opacity:Jh
cljs$cst$250$size:Wg
cljs$cst$256$scale_y:rh
cljs$cst$260$scale:ki
cljs$cst$263$liquid_glass_SLASH_accent:uh
cljs$cst$264$tint_strong:vi
cljs$cst$265$liquid_glass_SLASH_lens:pj
cljs$cst$266$frequency:ej
cljs$cst$267$octaves:mj
cljs$cst$268$liquid_glass_SLASH_ink:Xi
cljs$cst$269$default:Eh
cljs$cst$271$line_height:Ti
cljs$cst$280$flex:th
cljs$cst$288$order:Lj
cljs$cst$298$style:ug
cljs$cst$299$width:vg
cljs$cst$3$dup:nb
cljs$cst$300$border_collapse:uj
cljs$cst$301$collapse:si
cljs$cst$302$margin:bj
cljs$cst$303$background:Ph
cljs$cst$304$display:Vi
cljs$cst$305$align_items:lj
cljs$cst$306$center:fi
cljs$cst$307$gap:ij
cljs$cst$308$padding:nj
cljs$cst$309$border_bottom:Qh
cljs$cst$310$text_align:mi
cljs$cst$311$left:sh
cljs$cst$312$margin_top:Ah
cljs$cst$313$font_variant_numeric:Gh
cljs$cst$314$tabular_nums:di
cljs$cst$315$right:yh
cljs$cst$316$border_radius:Xh
cljs$cst$317$max_width:qj
cljs$cst$318$margin_bottom:wj
cljs$cst$319$text_transform:rj
cljs$cst$320$uppercase:cj
cljs$cst$321$letter_spacing:wi
cljs$cst$322$margin_left:zi
cljs$cst$323$auto:Gi
cljs$cst$328$position:Rg
cljs$cst$342$transform:ri
cljs$cst$352$height:Tg
cljs$cst$370$div:tg
cljs$cst$372$label:Ni
cljs$cst$383$section:cg
cljs$cst$384$card:bg
cljs$cst$389$key:Ag
cljs$cst$396$span:W
cljs$cst$397$aria_hidden:hg
cljs$cst$398$specular:ig
cljs$cst$4$print_length:ob
cljs$cst$400$surface:Zf
cljs$cst$401$elevation:$f
cljs$cst$494$large_title:yi
cljs$cst$495$title1:xh
cljs$cst$496$title2:wh
cljs$cst$497$title3:vh
cljs$cst$498$headline:Zh
cljs$cst$499$callout:bi
cljs$cst$500$subheadline:ai
cljs$cst$501$footnote:Oi
cljs$cst$502$caption1:gi
cljs$cst$503$caption2:ii
cljs$cst$504$display3:Mh
cljs$cst$505$display2:Lh
cljs$cst$506$display1:Kh
cljs$cst$507$secondary_label:Li
cljs$cst$508$tertiary_system_background:Ch
cljs$cst$509$tertiary_label:Zi
cljs$cst$510$system_grouped_background:Bh
cljs$cst$511$secondary_system_fill:kj
cljs$cst$512$secondary_system_grouped_background:$h
cljs$cst$513$quaternary_system_fill:$i
cljs$cst$514$secondary_system_background:ci
cljs$cst$515$opaque_separator:ui
cljs$cst$516$system_fill:xi
cljs$cst$517$quaternary_label:Oh
cljs$cst$518$system_background:aj
cljs$cst$519$tertiary_system_fill:li
cljs$cst$520$placeholder_text:zh
cljs$cst$521$tertiary_system_grouped_background:oi
cljs$cst$522$separator:Wh
cljs$cst$523$light:X
cljs$cst$524$dark:Z
cljs$cst$525$orange:Yi
cljs$cst$526$gray:Pi
cljs$cst$527$gray3:Th
cljs$cst$528$gray4:Uh
cljs$cst$529$yellow:gj
cljs$cst$530$green:Ri
cljs$cst$531$indigo:Hh
cljs$cst$532$cyan:vj
cljs$cst$533$mint:Fh
cljs$cst$534$gray2:Vh
cljs$cst$535$red:ei
cljs$cst$536$blue:Ih
cljs$cst$537$pink:hi
cljs$cst$538$teal:Qi
cljs$cst$539$purple:oj
cljs$cst$540$gray6:Sh
cljs$cst$541$gray5:Rh
cljs$cst$542$brown:Nh
cljs$cst$550$10:Ui
cljs$cst$551$7:Ai
cljs$cst$552$8:Ei
cljs$cst$553$9:Di
cljs$cst$554$content_margin:fj
cljs$cst$569$p:ah
cljs$cst$584$direction:Kj
cljs$cst$621$tx:lk
cljs$cst$622$none:pk
cljs$cst$623$market:rk
cljs$cst$624$side:sk
cljs$cst$625$level:tk
cljs$cst$626$qty:uk
cljs$cst$627$flags:vk
cljs$cst$628$oid:wk
cljs$cst$629$amount:xk
cljs$cst$630$price:yk
cljs$cst$631$trigger_price:zk
cljs$cst$633$account:Sg
cljs$cst$634$nonce:Ck
cljs$cst$635$sig:Ek
cljs$cst$636$pubkey:Dk
cljs$cst$638$private:Ak
cljs$cst$639$public:Bk
cljs$cst$640$cum:Hk
cljs$cst$641$data_level:Jk
cljs$cst$642$bids:Nk
cljs$cst$643$asks:Ok
cljs$cst$644$ask:Pk
cljs$cst$645$last:Rk
cljs$cst$646$bid:Tk
cljs$cst$647$ts:Uk
cljs$cst$648$trades:Vk
cljs$cst$652$flag_post:ol
cljs$cst$653$flag_ioc:pl
cljs$cst$654$flag_ro:ql
cljs$cst$656$entry:il
cljs$cst$657$upnl:jl
cljs$cst$658$resting:fl
cljs$cst$659$funding:dl
cljs$cst$660$oracle:cl
cljs$cst$661$code:sl
cljs$cst$662$root:el
cljs$cst$663$mark:bl
cljs$cst$672$chain_id:Ug
cljs$cst$673$busy:Vg
cljs$cst$674$positions:$k
cljs$cst$675$equity:al
cljs$cst$676$funding_rate:gl
cljs$cst$677$state_root:hl
cljs$cst$678$unrealized:kl
cljs$cst$679$h:ll
cljs$cst$680$collateral:tl
cljs$cst$681$free_collateral:ul
cljs$cst$682$next_nonce:ml
cljs$cst$683$reason:nl
cljs$cst$684$deposit:rl
cljs$cst$78$tag:Rf
clojure$string$join$cljs$0core$0IFn$0_invoke$0arity$02:Hf
clojure$string$replace:Gf
clojure$string$replace_all:Ef
clojure$string$replace_with:Ff
cur$jscomp$inline_921:Kl
goog$UID_PROPERTY_:fh
goog$getUid:pg
goog$global:eh
goog$string$StringBuffer:ba
goog$typeOf:l
goog$uidCounter_:gh
html$core$class_str:Mf
html$core$esc:If
html$core$parse_tag:Kf
html$core$raw_text_tags:yj
html$core$render_attrs:Nf
html$core$style_map__GT_css:Lf
html$core$void_tags:xj
kotoba$bytes$sha256$add32:Yg
kotoba$bytes$sha256$compress:fk
kotoba$bytes$sha256$h_init:gk
kotoba$bytes$sha256$k:ek
kotoba$bytes$sha256$pad_message:bk
kotoba$bytes$sha256$rotr32:ak
kotoba$bytes$sha256$schedule:dk
kotoba$bytes$sha256$sha256_bytes:ik
kotoba_ui$theme$rgba_alpha:lg
liquid_glass$components$add_class:Wf
liquid_glass$components$panel:Yf
liquid_glass$components$panel$cljs$0core$0IFn$0_invoke$0arity$02:Xf
liquid_glass$style$class_name:Vf
liquid_glass$tokens$default_tokens:xd
module$contents$goog$object_getKeys:aa
or__5002__auto__$jscomp$inline_908:Hl
part$jscomp$inline_922:Ll
parts$jscomp$inline_920:Jl
shitsuke$hiccup$__GT_html:Uf
shitsuke$hiccup$assert_no_rawtext_breakout_BANG_:Sf
shitsuke$hiccup$raw_text_content:Qf
shitsuke$hiccup$render_node:Tf
shitsuke$hig$display_style_order:Cj
shitsuke$hig$display_styles:Bj
shitsuke$hig$display_text_styles:Dj
shitsuke$hig$iter__22223:Gj
shitsuke$hig$pick_appearance:jg
shitsuke$hig$semantic_colors:Ej
shitsuke$hig$system_palette:Fj
shitsuke$hig$text_style_order:zj
shitsuke$hig$text_style_props$cljs$0core$0IFn$0_invoke$0arity$02:kg
shitsuke$hig$text_styles:Aj
torihiki$address$bytes_of:jk
torihiki$address$derive:kk
torihiki$auth$signing_payload:Nj
torihiki$auth$tx_fields:Mj
torihiki_terminal$client$fetch_json:Jg
torihiki_terminal$client$flag_on_QMARK_:Lk
torihiki_terminal$client$frame:$g
torihiki_terminal$client$node_url:Ig
torihiki_terminal$client$place_BANG_:Qk
torihiki_terminal$client$position_for:qk
torihiki_terminal$client$post_json:mk
torihiki_terminal$client$read_int:Mk
torihiki_terminal$client$render_BANG_:El
torihiki_terminal$client$render_session_BANG_:Fl
torihiki_terminal$client$session:Fk
torihiki_terminal$client$set_order_status_BANG_:ok
torihiki_terminal$client$set_status_BANG_:Lg
torihiki_terminal$client$set_text_BANG_:nk
torihiki_terminal$client$start:dh
torihiki_terminal$client$submit_BANG_:Kk
torihiki_terminal$client$swap_html_BANG_:Kg
torihiki_terminal$client$tick_BANG_:ch
torihiki_terminal$client$wire_form_BANG_:Sk
torihiki_terminal$client$with_w:Dl
torihiki_terminal$keys$b64__GT_bytes:Pj
torihiki_terminal$keys$bytes__GT_b64:Oj
torihiki_terminal$keys$generate:Tj
torihiki_terminal$keys$load_or_create_BANG_:Xj
torihiki_terminal$keys$sign_tx:ck
torihiki_terminal$keys$store_BANG_:Wj
torihiki_terminal$keys$stored:Uj
torihiki_terminal$keys$supported_QMARK_:Qj
torihiki_terminal$view$book_row:wg
torihiki_terminal$view$coins:og
torihiki_terminal$view$order_book:Dg
torihiki_terminal$view$pad_left:mg
torihiki_terminal$view$trades_panel:Hg
torihiki_terminal$view$usd:ng
